los_vfs.c:50:12:_file_2_fd	16	static
los_vfs.c:55:21:_fd_2_file	16	static
los_vfs.c:60:21:los_file_get	16	static
los_vfs.c:78:13:los_file_put	16	static
los_vfs.c:90:21:los_mp_find	48	static
los_vfs.c:179:5:los_open	32	static
los_vfs.c:269:21:_los_attach_file	24	static
los_vfs.c:344:21:los_attach_file	16	static
los_vfs.c:349:21:los_attach_file_with_status	16	static
los_vfs.c:354:15:los_detach_file	16	static
los_vfs.c:359:5:los_close	24	static
los_vfs.c:392:9:los_read	32	static
los_vfs.c:430:9:los_write	32	static
los_vfs.c:468:7:los_lseek	32	static
los_vfs.c:494:5:los_stat	32	static
los_vfs.c:535:5:los_unlink	32	static
los_vfs.c:566:5:los_rename	40	static
los_vfs.c:628:5:los_ioctl	36	static
los_vfs.c:660:5:los_sync	24	static
los_vfs.c:686:13:los_opendir	32	static
los_vfs.c:765:16:los_readdir	24	static
los_vfs.c:805:5:los_closedir	24	static
los_vfs.c:848:5:los_mkdir	32	static
los_vfs.c:902:12:los_fs_name_check	24	static
los_vfs.c:938:28:los_fs_find	24	static
los_vfs.c:953:5:los_fs_register	16	static
los_vfs.c:984:5:los_fs_unregister	24	static
los_vfs.c:1037:5:los_fs_mount	40	static
los_vfs.c:1102:5:los_fs_unmount	32	static
los_vfs.c:1154:5:los_vfs_init	8	static
los_vfs.c:1176:5:open	28	static
los_vfs.c:1182:5:close	24	static
los_vfs.c:1188:9:read	32	static
los_vfs.c:1194:9:write	32	static
los_vfs.c:1200:7:lseek	32	static
los_vfs.c:1206:5:stat	24	static
los_vfs.c:1212:5:unlink	24	static
stdio.h:247:5:rename	24	static
los_vfs.c:1224:5:fsync	24	static
los_vfs.c:1230:13:opendir	16	static
los_vfs.c:1235:16:readdir	16	static
los_vfs.c:1240:5:closedir	24	static
los_vfs.c:1246:5:mkdir	24	static
