cJSON.c:70:28:cJSON_GetErrorPtr	4	static
cJSON.c:75:22:cJSON_GetStringValue	16	static
cJSON.c:88:27:cJSON_Version	16	static
cJSON.c:97:12:case_insensitive_strcmp	32	static
cJSON.c:149:23:cJSON_strdup	24	static
cJSON.c:170:20:cJSON_InitHooks	16	static
cJSON.c:202:15:cJSON_New_Item	24	static
cJSON.c:214:20:cJSON_Delete	24	static
cJSON.c:238:22:get_decimal_point	4	static
cJSON.c:266:19:parse_number	112	static
cJSON.c:343:22:cJSON_SetNumberHelper	32	static
cJSON.c:373:23:ensure	24	static
cJSON.c:461:13:update_offset	32	static
cJSON.c:474:19:print_number	88	static
cJSON.c:540:17:parse_hex4	24	static
cJSON.c:577:22:utf16_literal_to_utf8	48	static
cJSON.c:698:19:parse_string	48	static
cJSON.c:827:19:print_string_ptr	40	static
cJSON.c:949:19:print_string	16	static
cJSON.c:963:22:buffer_skip_whitespace	16	static
cJSON.c:984:22:skip_utf8_bom	16	static
cJSON.c:1000:23:cJSON_ParseWithOpts	64	static
cJSON.c:1080:23:cJSON_Parse	16	static
cJSON.c:1087:23:print	64	static
cJSON.c:1152:22:cJSON_Print	16	static
cJSON.c:1157:22:cJSON_PrintUnformatted	16	static
cJSON.c:1162:22:cJSON_PrintBuffered	64	static
cJSON.c:1192:26:cJSON_PrintPreallocated	64	static
cJSON.c:1212:19:parse_value	16	static
cJSON.c:1267:19:print_value	24	static
cJSON.c:1341:19:parse_array	32	static
cJSON.c:1435:19:print_array	32	static
cJSON.c:1497:19:parse_object	32	static
cJSON.c:1606:19:print_object	40	static
cJSON.c:1720:19:cJSON_GetArraySize	24	static
cJSON.c:1743:15:get_array_item	24	static
cJSON.c:1762:23:cJSON_GetArrayItem	16	static
cJSON.c:1772:15:get_object_item	32	static
cJSON.c:1800:23:cJSON_GetObjectItem	16	static
cJSON.c:1805:23:cJSON_GetObjectItemCaseSensitive	16	static
cJSON.c:1810:26:cJSON_HasObjectItem	16	static
cJSON.c:1816:13:suffix_object	16	static
cJSON.c:1823:15:create_reference	24	static
cJSON.c:1844:19:add_item_to_array	24	static
cJSON.c:1874:20:cJSON_AddItemToArray	16	static
cJSON.c:1886:14:cast_away_const	16	static
cJSON.c:1895:19:add_item_to_object	32	static
cJSON.c:1932:20:cJSON_AddItemToObject	32	static
cJSON.c:1938:20:cJSON_AddItemToObjectCS	32	static
cJSON.c:1943:20:cJSON_AddItemReferenceToArray	16	static
cJSON.c:1953:20:cJSON_AddItemReferenceToObject	32	static
cJSON.c:1963:22:cJSON_AddNullToObject	32	static
cJSON.c:1975:22:cJSON_AddTrueToObject	32	static
cJSON.c:1987:22:cJSON_AddFalseToObject	32	static
cJSON.c:1999:22:cJSON_AddBoolToObject	40	static
cJSON.c:2011:22:cJSON_AddNumberToObject	40	static
cJSON.c:2023:22:cJSON_AddStringToObject	40	static
cJSON.c:2035:22:cJSON_AddRawToObject	40	static
cJSON.c:2047:22:cJSON_AddObjectToObject	32	static
cJSON.c:2059:22:cJSON_AddArrayToObject	32	static
cJSON.c:2071:23:cJSON_DetachItemViaPointer	16	static
cJSON.c:2101:23:cJSON_DetachItemFromArray	16	static
cJSON.c:2111:20:cJSON_DeleteItemFromArray	16	static
cJSON.c:2116:23:cJSON_DetachItemFromObject	24	static
cJSON.c:2123:23:cJSON_DetachItemFromObjectCaseSensitive	24	static
cJSON.c:2130:20:cJSON_DeleteItemFromObject	16	static
cJSON.c:2135:20:cJSON_DeleteItemFromObjectCaseSensitive	16	static
cJSON.c:2141:20:cJSON_InsertItemInArray	32	static
cJSON.c:2170:26:cJSON_ReplaceItemViaPointer	24	static
cJSON.c:2205:20:cJSON_ReplaceItemInArray	24	static
cJSON.c:2215:19:replace_item_in_object	24	static
cJSON.c:2235:20:cJSON_ReplaceItemInObject	24	static
cJSON.c:2240:20:cJSON_ReplaceItemInObjectCaseSensitive	24	static
cJSON.c:2246:23:cJSON_CreateNull	16	static
cJSON.c:2257:23:cJSON_CreateTrue	16	static
cJSON.c:2268:23:cJSON_CreateFalse	16	static
cJSON.c:2279:23:cJSON_CreateBool	24	static
cJSON.c:2290:23:cJSON_CreateNumber	32	static
cJSON.c:2316:23:cJSON_CreateString	24	static
cJSON.c:2333:23:cJSON_CreateStringReference	24	static
cJSON.c:2345:23:cJSON_CreateObjectReference	24	static
cJSON.c:2356:23:cJSON_CreateArrayReference	24	static
cJSON.c:2366:23:cJSON_CreateRaw	24	static
cJSON.c:2383:23:cJSON_CreateArray	16	static
cJSON.c:2394:23:cJSON_CreateObject	16	static
cJSON.c:2406:23:cJSON_CreateIntArray	40	static
cJSON.c:2441:23:cJSON_CreateFloatArray	40	static
cJSON.c:2477:23:cJSON_CreateDoubleArray	40	static
cJSON.c:2513:23:cJSON_CreateStringArray	32	static
cJSON.c:2550:23:cJSON_Duplicate	40	static
cJSON.c:2629:20:cJSON_Minify	24	static
cJSON.c:2699:26:cJSON_IsInvalid	16	static
cJSON.c:2709:26:cJSON_IsFalse	16	static
cJSON.c:2719:26:cJSON_IsTrue	16	static
cJSON.c:2730:26:cJSON_IsBool	16	static
cJSON.c:2739:26:cJSON_IsNull	16	static
cJSON.c:2749:26:cJSON_IsNumber	16	static
cJSON.c:2759:26:cJSON_IsString	16	static
cJSON.c:2769:26:cJSON_IsArray	16	static
cJSON.c:2779:26:cJSON_IsObject	16	static
cJSON.c:2789:26:cJSON_IsRaw	16	static
cJSON.c:2799:26:cJSON_Compare	48	static
cJSON.c:2924:22:cJSON_malloc	16	static
cJSON.c:2929:20:cJSON_free	16	static
