los_list.h:80:43:LOS_ListInit	16	static
los_list.h:129:43:LOS_ListAdd	16	static
los_list.h:157:43:LOS_ListTailInsert	16	static
los_list.h:183:43:LOS_ListDelete	16	static
los_list.h:213:43:LOS_ListEmpty	16	static
los_task.c:134:28:osIdleTask	4	static
los_task.c:156:29:osTaskPriModify	16	static
los_task.c:180:23:osTaskAdd2TimerList	32	static
los_task.c:222:23:osTimerListDelete	32	static
los_task.c:240:23:osTaskScan	24	static
los_task.c:308:31:osConvertTskStatus	16	static
los_task.c:348:31:osGetTaskWaterLine	24	static
los_task.c:377:31:osGetAllTskInfo	64	static
los_task.c:493:30:osTaskInit	24	static
los_task.c:557:30:osIdleTaskCreate	40	static
los_task.c:584:25:LOS_CurTaskIDGet	4	static
los_task.c:600:25:LOS_NextTaskIDGet	4	static
los_task.c:616:24:LOS_CurTaskNameGet	16	static
los_task.c:636:23:osTaskSwitchCheck	8	static
los_task.c:672:29:osTaskMonInit	8	static
los_task.c:694:28:osTaskEntry	24	static
los_task.c:715:30:LOS_TaskCreateOnly	40	static
los_task.c:837:30:LOS_TaskCreate	32	static
los_task.c:886:30:LOS_TaskResume	32	static
los_task.c:942:30:LOS_TaskSuspend	32	static
los_task.c:1000:30:LOS_TaskDelete	32	static
los_task.c:1086:25:LOS_TaskDelay	24	static
los_task.c:1125:31:LOS_TaskPriGet	32	static
los_task.c:1159:31:LOS_TaskPriSet	32	static
los_task.c:1226:31:LOS_CurTaskPriSet	24	static
los_task.c:1241:23:osTaskWait	32	static
los_task.c:1266:23:osTaskWake	16	static
los_task.c:1290:31:LOS_TaskYield	16	static
los_task.c:1329:29:LOS_TaskLock	16	static
los_task.c:1345:29:LOS_TaskUnlock	16	static
los_task.c:1371:31:LOS_TaskInfoGet	32	static
los_task.c:1444:31:LOS_TaskStatusGet	24	static
los_task.c:1483:31:LOS_TaskSwitchInfoGet	24	static
los_task.c:1513:31:LOS_TaskInfoMonitor	16	static
los_task.c:1529:29:LOS_TaskIsRunning	4	static
los_task.c:1541:25:LOS_NewTaskIDGet	4	static
los_task.c:1557:24:LOS_TaskNameGet	24	static
