sys_arch.c:64:7:sys_mbox_new	24	static
sys_arch.c:170:6:sys_mbox_free	24	static
sys_arch.c:207:6:sys_mbox_post	24	static
sys_arch.c:262:7:sys_mbox_trypost	24	static
sys_arch.c:300:7:sys_mbox_trypost_fromisr	16	static
sys_arch.c:306:7:sys_arch_mbox_fetch_ext	72	static
sys_arch.c:413:7:sys_arch_mbox_fetch	24	static
sys_arch.c:424:6:sys_init	4	static
sys_arch.c:445:12:sys_arch_protect	8	static
sys_arch.c:462:6:sys_arch_unprotect	16	static
sys_arch.c:468:7:sys_now	24	static
sys_arch.c:475:14:sys_thread_new	56	static
sys_arch.c:540:7:sys_sem_new	24	static
sys_arch.c:592:7:sys_arch_sem_wait	56	static
sys_arch.c:640:6:sys_sem_signal	24	static
sys_arch.c:665:6:sys_sem_free	24	static
